// Jest Snapshot v1, https://goo.gl/fbAQLP

exports[`components/jsCounter.vue 初期表示 snapshot 1`] = `
<div
  class="js-counter"
>
  <button>
    -
  </button>
   2 
  <button>
    +
  </button>
</div>
`;
